Testing AW vs AX rules (C6 and C7)...
venv\Scripts\python 
: Traceback (most 
recent call last):
En línea: 1 
Carácter: 1
+ 
venv\Scripts\python 
verify_aw_ax_rule.py
 > test_output.txt 
2>&1
+ ~~~~~~~~~~~~~~~~~~
~~~~~~~~~~~~~~~~~~~~
~~~~~~~~~~~~~~~~~~~~
~~~~~
    + CategoryInfo  
            : NotS  
  pecified: (Trac   
 eback (most rec    
ent call last):    
:String) [], Re    
moteException
    + FullyQualifie 
   dErrorId : Nati  
  veCommandError
 
  File "C:\Users\mig
ue\Music\auditorTrak
ing\verify_aw_ax_rul
e.py", line 38, in 
<module>
    
test_aw_ax_rules()
  File "C:\Users\mig
ue\Music\auditorTrak
ing\verify_aw_ax_rul
e.py", line 34, in 
test_aw_ax_rules
    if passed:
       ^^^^^^
NameError: name 
'passed' is not 
defined
